// Jest Snapshot v1, https://goo.gl/fbAQLP

exports[`Send renders correctly with invite rewards disabled 1`] = `
<View
  style={
    Object {
      "flex": 1,
    }
  }
>
  <View
    style={
      Object {
        "paddingBottom": 12,
        "paddingHorizontal": 16,
        "paddingTop": 16,
      }
    }
  >
    <View
      style={
        Array [
          Object {
            "alignItems": "center",
            "borderColor": "#EDEEEF",
            "borderRadius": 18,
            "borderWidth": 1.5,
            "flexDirection": "row",
            "height": 36,
            "paddingRight": 8,
          },
          undefined,
        ]
      }
    >
      <View
        style={
          Object {
            "marginLeft": 17,
            "marginRight": 13,
          }
        }
      >
        <Text
          style={
            Object {
              "color": "#81868B",
            }
          }
        >
          global:to
        </Text>
      </View>
      <View
        style={
          Array [
            Object {
              "alignItems": "center",
              "flex": 1,
              "flexDirection": "row",
              "justifyContent": "center",
            },
            undefined,
          ]
        }
      >
        <TextInput
          allowFontScaling={true}
          isPasteIconVisible={false}
          leftIcon={
            <Text
              style={
                Object {
                  "color": "#81868B",
                }
              }
            >
              global:to
            </Text>
          }
          onBlur={[Function]}
          onChangeText={[Function]}
          onFocus={[Function]}
          onPressPaste={[Function]}
          placeholder="global:namePhoneAddress"
          rejectResponderTermination={true}
          shouldShowClipboard={[Function]}
          style={
            Array [
              Object {
                "color": "#2E3338",
                "flex": 1,
                "fontFamily": "Inter-Regular",
                "fontSize": 16,
                "lineHeight": 22,
                "paddingHorizontal": 0,
                "paddingVertical": 12,
              },
              undefined,
              Object {
                "paddingVertical": 6,
              },
            ]
          }
          testID="SearchInput"
          underlineColorAndroid="transparent"
          value=""
        />
      </View>
    </View>
  </View>
  <View
    style={
      Object {
        "flex": 1,
      }
    }
    testID="RecipientPicker"
  >
    <RCTScrollView
      ListEmptyComponent={
        <View
          style={
            Object {
              "justifyContent": "center",
              "paddingHorizontal": 24,
            }
          }
        >
          <View
            style={
              Object {
                "justifyContent": "center",
                "paddingVertical": 24,
                "textAlign": "center",
              }
            }
          >
            <Text
              style={
                Object {
                  "color": "#B4B9BD",
                  "fontFamily": "Inter-Regular",
                  "fontSize": 18,
                  "lineHeight": 24,
                  "textAlign": "center",
                }
              }
            >
              noContacts
            </Text>
          </View>
        </View>
      }
      ListHeaderComponent={[Function]}
      contentContainerStyle={null}
      data={
        Array [
          Object {
            "data": Array [
              Object {
                "address": "0x0000000000000000000000000000000000007E57",
                "contactId": "contactId",
                "displayId": "14155550000",
                "displayName": "John Doe",
                "e164PhoneNumber": "+14155550000",
                "kind": "Contact",
                "phoneNumberLabel": "phoneNumLabel",
              },
            ],
            "key": "recent",
          },
          Object {
            "data": Array [
              Object {
                "address": "0x9335BaFcE54cAa0D6690d1D4DA6406568b52488F",
                "contactId": "contactId",
                "displayId": "13105550000",
                "displayName": "Jane Doe",
                "e164PhoneNumber": "+13105550000",
                "kind": "Contact",
                "phoneNumberLabel": "phoneNumLabel",
              },
              Object {
                "contactId": "contactId4",
                "displayName": "Zebra Zone",
                "kind": "Contact",
              },
            ],
            "key": "contacts",
          },
        ]
      }
      disableVirtualization={false}
      getItem={[Function]}
      getItemCount={[Function]}
      horizontal={false}
      initialNumToRender={30}
      keyExtractor={[Function]}
      keyboardShouldPersistTaps="always"
      maxToRenderPerBatch={10}
      onContentSizeChange={[Function]}
      onEndReachedThreshold={2}
      onLayout={[Function]}
      onMomentumScrollEnd={[Function]}
      onScroll={[Function]}
      onScrollBeginDrag={[Function]}
      onScrollEndDrag={[Function]}
      renderItem={[Function]}
      scrollEventThrottle={50}
      stickyHeaderIndices={Array []}
      updateCellsBatchingPeriod={50}
      windowSize={21}
    >
      <View>
        <View
          onLayout={[Function]}
        />
        <View
          onLayout={[Function]}
          style={null}
        >
          <View
            style={
              Array [
                Object {
                  "alignItems": "center",
                  "backgroundColor": "#FFFFFF",
                  "flexDirection": "row",
                  "justifyContent": "space-between",
                  "paddingHorizontal": 16,
                  "paddingVertical": 8,
                },
                undefined,
              ]
            }
          >
            <Text
              style={
                Object {
                  "color": "#9CA4A9",
                  "fontFamily": "Inter-Medium",
                  "fontSize": 13,
                  "lineHeight": 16,
                }
              }
            >
              recent
            </Text>
          </View>
        </View>
        <View
          onLayout={[Function]}
          style={null}
        >
          <View
            accessible={true}
            focusable={true}
            nativeBackgroundAndroid={
              Object {
                "attribute": "selectableItemBackground",
                "rippleRadius": undefined,
                "type": "ThemeAttrAndroid",
              }
            }
            onClick={[Function]}
            onResponderGrant={[Function]}
            onResponderMove={[Function]}
            onResponderRelease={[Function]}
            onResponderTerminate={[Function]}
            onResponderTerminationRequest={[Function]}
            onStartShouldSetResponder={[Function]}
            testID="RecipientItem"
          >
            <View
              style={
                Object {
                  "alignItems": "center",
                  "flex": 1,
                  "flexDirection": "row",
                  "height": 64,
                  "justifyContent": "space-between",
                  "paddingHorizontal": 16,
                }
              }
            >
              <View
                style={
                  Array [
                    Object {
                      "alignItems": "center",
                      "flexDirection": "row",
                      "justifyContent": "center",
                    },
                    Object {
                      "marginRight": 12,
                    },
                  ]
                }
              >
                <View
                  style={
                    Array [
                      Object {
                        "alignItems": "center",
                        "justifyContent": "center",
                      },
                      Object {
                        "backgroundColor": "hsl(0, 53%, 93%)",
                        "borderRadius": 20,
                        "height": 40,
                        "width": 40,
                      },
                    ]
                  }
                >
                  <Text
                    style={
                      Array [
                        Object {
                          "color": "#FFFFFF",
                          "fontFamily": "Inter-Medium",
                          "fontSize": 16,
                        },
                        Object {
                          "color": "hsl(0, 67%, 24%)",
                          "fontSize": 20,
                        },
                      ]
                    }
                  >
                    J
                  </Text>
                </View>
              </View>
              <View
                style={
                  Object {
                    "flex": 1,
                  }
                }
              >
                <Text
                  ellipsizeMode="tail"
                  numberOfLines={1}
                  style={
                    Object {
                      "color": "#2E3338",
                      "fontFamily": "Inter-Medium",
                      "fontSize": 16,
                      "lineHeight": 22,
                    }
                  }
                >
                  John Doe
                </Text>
                <Text
                  style={
                    Object {
                      "color": "#9CA4A9",
                      "fontFamily": "Inter-Regular",
                      "fontSize": 14,
                      "lineHeight": 18,
                    }
                  }
                >
                  14155550000
                </Text>
              </View>
              <View
                style={
                  Object {
                    "alignItems": "center",
                    "justifyContent": "center",
                  }
                }
              >
                <svg
                  fill="none"
                  height={25}
                  style={Object {}}
                  viewBox="0 0 25 25"
                  width={25}
                >
                  <path
                    d="M9.86842 22.3684C13.8653 22.3684 17.1053 19.1284 17.1053 15.1316C17.1053 11.1348 13.8653 7.89476 9.86842 7.89476C5.87158 7.89476 2.63158 11.1348 2.63158 15.1316C2.63158 19.1284 5.87158 22.3684 9.86842 22.3684ZM9.86842 25C4.41842 25 0 20.5816 0 15.1316C0 9.6816 4.41842 5.26318 9.86842 5.26318C15.3184 5.26318 19.7368 9.6816 19.7368 15.1316C19.7368 20.5816 15.3184 25 9.86842 25Z"
                    fill="#FBCC5C"
                    style={Object {}}
                  />
                  <path
                    d="M15.1316 17.1053C19.1284 17.1053 22.3684 13.8653 22.3684 9.86842C22.3684 5.87158 19.1284 2.63158 15.1316 2.63158C11.1348 2.63158 7.89476 5.87158 7.89476 9.86842C7.89476 13.8653 11.1348 17.1053 15.1316 17.1053ZM15.1316 19.7368C9.6816 19.7368 5.26318 15.3184 5.26318 9.86842C5.26318 4.41842 9.6816 0 15.1316 0C20.5816 0 25 4.41842 25 9.86842C25 15.3184 20.5816 19.7368 15.1316 19.7368Z"
                    fill="#42D689"
                    style={Object {}}
                  />
                  <path
                    d="M15.4577 19.7369C16.1419 18.9077 16.6324 17.9361 16.8932 16.8932C17.9361 16.6324 18.9077 16.1421 19.7369 15.4579C19.699 16.6658 19.439 17.8563 18.9695 18.9698C17.8561 19.439 16.6656 19.6992 15.4577 19.7369ZM8.10687 8.10687C7.06397 8.36766 6.09239 8.85792 5.26318 9.54213C5.30108 8.33424 5.56108 7.14371 6.03055 6.03029C7.14397 5.56108 8.3345 5.30082 9.54239 5.26318C8.85818 6.09239 8.36766 7.06397 8.10687 8.10687Z"
                    fill="#5EA33B"
                    style={Object {}}
                  />
                </svg>
              </View>
            </View>
          </View>
        </View>
        <View
          onLayout={[Function]}
          style={null}
        />
        <View
          onLayout={[Function]}
          style={null}
        >
          <View
            style={
              Array [
                Object {
                  "alignItems": "center",
                  "backgroundColor": "#FFFFFF",
                  "flexDirection": "row",
                  "justifyContent": "space-between",
                  "paddingHorizontal": 16,
                  "paddingVertical": 8,
                },
                undefined,
              ]
            }
          >
            <Text
              style={
                Object {
                  "color": "#9CA4A9",
                  "fontFamily": "Inter-Medium",
                  "fontSize": 13,
                  "lineHeight": 16,
                }
              }
            >
              contacts
            </Text>
          </View>
        </View>
        <View
          onLayout={[Function]}
          style={null}
        >
          <View>
            <View
              accessible={true}
              focusable={true}
              nativeBackgroundAndroid={
                Object {
                  "attribute": "selectableItemBackground",
                  "rippleRadius": undefined,
                  "type": "ThemeAttrAndroid",
                }
              }
              onClick={[Function]}
              onResponderGrant={[Function]}
              onResponderMove={[Function]}
              onResponderRelease={[Function]}
              onResponderTerminate={[Function]}
              onResponderTerminationRequest={[Function]}
              onStartShouldSetResponder={[Function]}
              testID="RecipientItem"
            >
              <View
                style={
                  Object {
                    "alignItems": "center",
                    "flex": 1,
                    "flexDirection": "row",
                    "height": 64,
                    "justifyContent": "space-between",
                    "paddingHorizontal": 16,
                  }
                }
              >
                <View
                  style={
                    Array [
                      Object {
                        "alignItems": "center",
                        "flexDirection": "row",
                        "justifyContent": "center",
                      },
                      Object {
                        "marginRight": 12,
                      },
                    ]
                  }
                >
                  <View
                    style={
                      Array [
                        Object {
                          "alignItems": "center",
                          "justifyContent": "center",
                        },
                        Object {
                          "backgroundColor": "hsl(195, 53%, 93%)",
                          "borderRadius": 20,
                          "height": 40,
                          "width": 40,
                        },
                      ]
                    }
                  >
                    <Text
                      style={
                        Array [
                          Object {
                            "color": "#FFFFFF",
                            "fontFamily": "Inter-Medium",
                            "fontSize": 16,
                          },
                          Object {
                            "color": "hsl(195, 67%, 24%)",
                            "fontSize": 20,
                          },
                        ]
                      }
                    >
                      J
                    </Text>
                  </View>
                </View>
                <View
                  style={
                    Object {
                      "flex": 1,
                    }
                  }
                >
                  <Text
                    ellipsizeMode="tail"
                    numberOfLines={1}
                    style={
                      Object {
                        "color": "#2E3338",
                        "fontFamily": "Inter-Medium",
                        "fontSize": 16,
                        "lineHeight": 22,
                      }
                    }
                  >
                    Jane Doe
                  </Text>
                  <Text
                    style={
                      Object {
                        "color": "#9CA4A9",
                        "fontFamily": "Inter-Regular",
                        "fontSize": 14,
                        "lineHeight": 18,
                      }
                    }
                  >
                    13105550000
                  </Text>
                </View>
                <View
                  style={
                    Object {
                      "alignItems": "center",
                      "justifyContent": "center",
                    }
                  }
                >
                  <svg
                    fill="none"
                    height={25}
                    style={Object {}}
                    viewBox="0 0 25 25"
                    width={25}
                  >
                    <path
                      d="M9.86842 22.3684C13.8653 22.3684 17.1053 19.1284 17.1053 15.1316C17.1053 11.1348 13.8653 7.89476 9.86842 7.89476C5.87158 7.89476 2.63158 11.1348 2.63158 15.1316C2.63158 19.1284 5.87158 22.3684 9.86842 22.3684ZM9.86842 25C4.41842 25 0 20.5816 0 15.1316C0 9.6816 4.41842 5.26318 9.86842 5.26318C15.3184 5.26318 19.7368 9.6816 19.7368 15.1316C19.7368 20.5816 15.3184 25 9.86842 25Z"
                      fill="#FBCC5C"
                      style={Object {}}
                    />
                    <path
                      d="M15.1316 17.1053C19.1284 17.1053 22.3684 13.8653 22.3684 9.86842C22.3684 5.87158 19.1284 2.63158 15.1316 2.63158C11.1348 2.63158 7.89476 5.87158 7.89476 9.86842C7.89476 13.8653 11.1348 17.1053 15.1316 17.1053ZM15.1316 19.7368C9.6816 19.7368 5.26318 15.3184 5.26318 9.86842C5.26318 4.41842 9.6816 0 15.1316 0C20.5816 0 25 4.41842 25 9.86842C25 15.3184 20.5816 19.7368 15.1316 19.7368Z"
                      fill="#42D689"
                      style={Object {}}
                    />
                    <path
                      d="M15.4577 19.7369C16.1419 18.9077 16.6324 17.9361 16.8932 16.8932C17.9361 16.6324 18.9077 16.1421 19.7369 15.4579C19.699 16.6658 19.439 17.8563 18.9695 18.9698C17.8561 19.439 16.6656 19.6992 15.4577 19.7369ZM8.10687 8.10687C7.06397 8.36766 6.09239 8.85792 5.26318 9.54213C5.30108 8.33424 5.56108 7.14371 6.03055 6.03029C7.14397 5.56108 8.3345 5.30082 9.54239 5.26318C8.85818 6.09239 8.36766 7.06397 8.10687 8.10687Z"
                      fill="#5EA33B"
                      style={Object {}}
                    />
                  </svg>
                </View>
              </View>
            </View>
            <View
              style={Object {}}
            />
          </View>
        </View>
        <View
          onLayout={[Function]}
          style={null}
        >
          <View
            accessible={true}
            focusable={true}
            nativeBackgroundAndroid={
              Object {
                "attribute": "selectableItemBackground",
                "rippleRadius": undefined,
                "type": "ThemeAttrAndroid",
              }
            }
            onClick={[Function]}
            onResponderGrant={[Function]}
            onResponderMove={[Function]}
            onResponderRelease={[Function]}
            onResponderTerminate={[Function]}
            onResponderTerminationRequest={[Function]}
            onStartShouldSetResponder={[Function]}
            testID="RecipientItem"
          >
            <View
              style={
                Object {
                  "alignItems": "center",
                  "flex": 1,
                  "flexDirection": "row",
                  "height": 64,
                  "justifyContent": "space-between",
                  "paddingHorizontal": 16,
                }
              }
            >
              <View
                style={
                  Array [
                    Object {
                      "alignItems": "center",
                      "flexDirection": "row",
                      "justifyContent": "center",
                    },
                    Object {
                      "marginRight": 12,
                    },
                  ]
                }
              >
                <View
                  style={
                    Array [
                      Object {
                        "alignItems": "center",
                        "justifyContent": "center",
                      },
                      Object {
                        "backgroundColor": "hsl(0, 53%, 93%)",
                        "borderRadius": 20,
                        "height": 40,
                        "width": 40,
                      },
                    ]
                  }
                >
                  <Text
                    style={
                      Array [
                        Object {
                          "color": "#FFFFFF",
                          "fontFamily": "Inter-Medium",
                          "fontSize": 16,
                        },
                        Object {
                          "color": "hsl(0, 67%, 24%)",
                          "fontSize": 20,
                        },
                      ]
                    }
                  >
                    Z
                  </Text>
                </View>
              </View>
              <View
                style={
                  Object {
                    "flex": 1,
                  }
                }
              >
                <Text
                  ellipsizeMode="tail"
                  numberOfLines={1}
                  style={
                    Object {
                      "color": "#2E3338",
                      "fontFamily": "Inter-Medium",
                      "fontSize": 16,
                      "lineHeight": 22,
                    }
                  }
                >
                  Zebra Zone
                </Text>
                <Text
                  style={
                    Object {
                      "color": "#9CA4A9",
                      "fontFamily": "Inter-Regular",
                      "fontSize": 14,
                      "lineHeight": 18,
                    }
                  }
                />
              </View>
              <View
                style={
                  Object {
                    "alignItems": "center",
                    "justifyContent": "center",
                  }
                }
              />
            </View>
          </View>
        </View>
        <View
          onLayout={[Function]}
          style={null}
        />
      </View>
    </RCTScrollView>
    <View
      collapsable={false}
      style={
        Array [
          Object {
            "bottom": 0,
            "left": 0,
            "right": 0,
          },
          Object {
            "height": 0,
          },
          undefined,
        ]
      }
    />
  </View>
</View>
`;
