// Jest Snapshot v1, https://goo.gl/fbAQLP

exports[`TotalLineItem when there is an exchange rate to show renders correctly 1`] = `
Array [
  <View
    style={
      Array [
        Object {
          "flexDirection": "row",
          "justifyContent": "space-between",
          "marginVertical": 5,
        },
        undefined,
      ]
    }
  >
    <View
      style={
        Object {
          "alignItems": "center",
          "flexDirection": "row",
          "marginRight": 5,
        }
      }
    >
      <Text
        style={
          Array [
            Object {
              "color": "#2E3338",
              "fontFamily": "Inter-Regular",
              "fontSize": 16,
              "lineHeight": 22,
            },
            Object {
              "color": "#2E3338",
              "fontFamily": "Inter-SemiBold",
              "fontSize": 16,
              "lineHeight": 22,
            },
          ]
        }
      >
        total
      </Text>
    </View>
    <Text
      style={
        Array [
          Object {
            "color": "#2E3338",
            "fontFamily": "Inter-Regular",
            "fontSize": 16,
            "lineHeight": 22,
          },
          Object {
            "color": "#2E3338",
            "fontFamily": "Inter-SemiBold",
            "fontSize": 16,
            "lineHeight": 22,
          },
        ]
      }
    >
      <Text
        numberOfLines={1}
        style={
          Array [
            undefined,
            Object {
              "color": "#2E3338",
            },
          ]
        }
        testID="TotalLineItem/Total"
      >
        
        $
        0.10
      </Text>
    </Text>
  </View>,
  <View
    style={
      Array [
        Object {
          "flexDirection": "row",
          "justifyContent": "space-between",
          "marginVertical": 5,
        },
        Object {
          "marginVertical": 0,
        },
      ]
    }
  >
    <View
      style={
        Object {
          "alignItems": "center",
          "flexDirection": "row",
          "marginRight": 5,
        }
      }
    >
      <Text
        style={
          Array [
            Object {
              "color": "#2E3338",
              "fontFamily": "Inter-Regular",
              "fontSize": 16,
              "lineHeight": 22,
            },
            Object {
              "color": "#9CA4A9",
              "fontFamily": "Inter-Regular",
              "fontSize": 14,
              "lineHeight": 18,
            },
          ]
        }
      >
        <Text
          numberOfLines={1}
          style={
            Array [
              undefined,
              Object {
                "color": "#2E3338",
              },
            ]
          }
          testID="TotalLineItem/ExchangeRate"
        >
          
          $
          100.00
        </Text>
      </Text>
    </View>
    <Text
      style={
        Array [
          Object {
            "color": "#2E3338",
            "fontFamily": "Inter-Regular",
            "fontSize": 16,
            "lineHeight": 22,
          },
          Object {
            "color": "#9CA4A9",
            "fontFamily": "Inter-Regular",
            "fontSize": 14,
            "lineHeight": 18,
          },
        ]
      }
    >
      <Text
        numberOfLines={1}
        style={
          Array [
            undefined,
            Object {
              "color": "#2E3338",
            },
          ]
        }
        testID="TotalLineItem/Subtotal"
      >
        
        $
        10.00
      </Text>
    </Text>
  </View>,
]
`;
