// Jest Snapshot v1, https://goo.gl/fbAQLP

exports[`ConsumerIncentivesHomeScreen renders correctly 1`] = `
<RCTScrollView
  contentContainerStyle={
    Object {
      "flexGrow": 1,
    }
  }
  showsVerticalScrollIndicator={false}
  style={
    Object {
      "flex": 1,
    }
  }
>
  <View>
    <Image
      resizeMode="stretch"
      source={
        Object {
          "testUri": "../../../packages/mobile/src/images/leaves.png",
        }
      }
      style={
        Object {
          "left": 0,
          "position": "absolute",
          "right": 0,
          "top": 0,
          "width": "100%",
        }
      }
    />
    <RNCSafeAreaView
      edges={
        Array [
          "bottom",
        ]
      }
      style={
        Object {
          "alignItems": "center",
          "flex": 1,
          "marginHorizontal": 24,
        }
      }
    >
      <View
        accessible={true}
        focusable={true}
        hitSlop={
          Object {
            "bottom": 10,
            "left": 10,
            "right": 10,
            "top": 10,
          }
        }
        nativeBackgroundAndroid={
          Object {
            "attribute": "selectableItemBackgroundBorderless",
            "rippleRadius": undefined,
            "type": "ThemeAttrAndroid",
          }
        }
        onClick={[Function]}
        onResponderGrant={[Function]}
        onResponderMove={[Function]}
        onResponderRelease={[Function]}
        onResponderTerminate={[Function]}
        onResponderTerminationRequest={[Function]}
        onStartShouldSetResponder={[Function]}
        style={
          Array [
            Object {
              "alignSelf": "flex-start",
            },
            Object {
              "marginTop": 20,
            },
          ]
        }
      >
        <svg
          height={16}
          style={Object {}}
          viewBox="0 0 16 16"
          width={16}
          xmlns="http://www.w3.org/2000/svg"
        >
          <path
            d="M13.9999 2.00146L1.99994 14.0015"
            stroke="#2E3338"
            strokeLinecap="round"
            strokeLinejoin="round"
            strokeWidth={2}
            style={Object {}}
          />
          <path
            d="M1.99994 2.00146L13.9999 14.0015"
            stroke="#2E3338"
            strokeLinecap="round"
            strokeLinejoin="round"
            strokeWidth={2}
            style={Object {}}
          />
        </svg>
      </View>
      <Image
        source={
          Object {
            "testUri": "../../../packages/mobile/src/images/consumerIncentives.png",
          }
        }
      />
      <Text
        style={
          Object {
            "color": "#2E3338",
            "fontFamily": "Jost-Medium",
            "fontSize": 22,
            "lineHeight": 28,
            "marginTop": 16,
            "textAlign": "center",
          }
        }
      >
        title
      </Text>
      <Text
        style={
          Array [
            Object {
              "color": "#2E3338",
              "fontFamily": "Inter-Regular",
              "fontSize": 16,
              "lineHeight": 22,
              "textAlign": "center",
            },
            Object {
              "marginTop": 16,
            },
          ]
        }
      >
        description
      </Text>
      <Text
        style={
          Array [
            Object {
              "color": "#2E3338",
              "fontFamily": "Inter-Regular",
              "fontSize": 16,
              "lineHeight": 22,
              "textAlign": "center",
            },
            Object {
              "marginTop": 16,
            },
          ]
        }
      >
        <Text
          style={
            Object {
              "fontWeight": "bold",
            }
          }
        />
        <Text
          style={
            Object {
              "fontWeight": "bold",
            }
          }
        />
        <Text
          style={
            Object {
              "fontWeight": "bold",
            }
          }
        />
      </Text>
      <View
        style={
          Object {
            "borderColor": "#B4B9BD",
            "borderRadius": 4,
            "borderWidth": 1,
            "marginTop": 32,
            "padding": 16,
            "width": "100%",
          }
        }
      >
        <Text
          style={
            Object {
              "color": "#2E3338",
              "fontFamily": "Inter-Regular",
              "fontSize": 16,
              "fontWeight": "600",
              "lineHeight": 22,
              "marginBottom": 8,
              "textAlign": "center",
            }
          }
        >
          level
        </Text>
        <Text
          style={
            Array [
              Object {
                "color": "#2E3338",
                "fontFamily": "Inter-Regular",
                "fontSize": 16,
                "lineHeight": 22,
                "textAlign": "center",
              },
              Object {
                "marginBottom": 4,
                "paddingHorizontal": 12,
              },
            ]
          }
        >
          getCeloRewards
        </Text>
        <View
          style={
            Object {
              "alignSelf": "stretch",
              "backgroundColor": "#B4B9BD",
              "height": 1,
              "marginHorizontal": 8,
              "marginVertical": 16,
            }
          }
        />
        <Text
          style={
            Object {
              "color": "#2E3338",
              "fontFamily": "Inter-Regular",
              "fontSize": 16,
              "fontWeight": "600",
              "lineHeight": 22,
              "marginBottom": 8,
              "textAlign": "center",
            }
          }
        >
          level
        </Text>
        <Text
          style={
            Array [
              Object {
                "color": "#2E3338",
                "fontFamily": "Inter-Regular",
                "fontSize": 16,
                "lineHeight": 22,
                "textAlign": "center",
              },
              Object {
                "marginBottom": 4,
                "paddingHorizontal": 12,
              },
            ]
          }
        >
          getCeloRewards
        </Text>
        <View
          style={
            Object {
              "alignSelf": "stretch",
              "backgroundColor": "#B4B9BD",
              "height": 1,
              "marginHorizontal": 8,
              "marginVertical": 16,
            }
          }
        />
        <Text
          style={
            Object {
              "color": "#2E3338",
              "fontFamily": "Inter-Regular",
              "fontSize": 16,
              "fontWeight": "600",
              "lineHeight": 22,
              "marginBottom": 8,
              "textAlign": "center",
            }
          }
        >
          level
        </Text>
        <Text
          style={
            Array [
              Object {
                "color": "#2E3338",
                "fontFamily": "Inter-Regular",
                "fontSize": 16,
                "lineHeight": 22,
                "textAlign": "center",
              },
              Object {
                "marginBottom": 4,
                "paddingHorizontal": 12,
              },
            ]
          }
        >
          getCeloRewards
        </Text>
      </View>
      <View
        style={
          Object {
            "marginTop": 36,
            "width": "100%",
          }
        }
      >
        <View
          style={
            Array [
              Object {
                "flexDirection": "column",
              },
              undefined,
            ]
          }
        >
          <View
            style={
              Array [
                Object {
                  "overflow": "hidden",
                },
                Object {
                  "borderRadius": 100,
                },
              ]
            }
          >
            <View
              accessible={true}
              focusable={true}
              nativeBackgroundAndroid={
                Object {
                  "attribute": "selectableItemBackground",
                  "rippleRadius": undefined,
                  "type": "ThemeAttrAndroid",
                }
              }
              onClick={[Function]}
              onResponderGrant={[Function]}
              onResponderMove={[Function]}
              onResponderRelease={[Function]}
              onResponderTerminate={[Function]}
              onResponderTerminationRequest={[Function]}
              onStartShouldSetResponder={[Function]}
              style={
                Object {
                  "alignItems": "center",
                  "backgroundColor": "#1AB775",
                  "flexGrow": 1,
                  "height": 48,
                  "justifyContent": "center",
                  "opacity": undefined,
                  "paddingHorizontal": 24,
                  "paddingVertical": 5,
                }
              }
              testID="ConsumerIncentives/CTA"
            >
              <Text
                style={
                  Object {
                    "color": "#FFFFFF",
                    "fontFamily": "Inter-SemiBold",
                    "fontSize": 16,
                    "lineHeight": 22,
                  }
                }
              >
                addCusd
              </Text>
            </View>
          </View>
        </View>
      </View>
      <RNGestureHandlerButton
        collapsable={false}
        onGestureEvent={[Function]}
        onGestureHandlerEvent={[Function]}
        onGestureHandlerStateChange={[Function]}
        onHandlerStateChange={[Function]}
        rippleColor={0}
        testID="ConsumerIncentives/learnMore"
      >
        <View
          accessible={true}
          style={
            Array [
              Object {},
              Object {
                "opacity": 1,
              },
            ]
          }
        >
          <Text
            style={
              Object {
                "alignSelf": "center",
                "color": "#1AB775",
                "fontFamily": "Jost-Medium",
                "fontSize": 17,
                "lineHeight": 22,
                "marginVertical": 24,
              }
            }
          >
            global:learnMore
          </Text>
        </View>
      </RNGestureHandlerButton>
    </RNCSafeAreaView>
  </View>
</RCTScrollView>
`;
